../Core/Src/main.c:99:6:Send_Command	16	static
../Core/Src/main.c:109:6:Write_One_Register	24	static
../Core/Src/main.c:123:9:Read_Register_Status	32	static
../Core/Src/main.c:145:8:Read_Analog_Channel	48	static
../Core/Src/main.c:155:16:SPI_Read	32	static
../Core/Src/main.c:163:6:ECG_Setup	8	static
../Core/Src/main.c:259:5:main	72	static
../Core/Src/main.c:349:6:SystemClock_Config	88	static
../Core/Src/main.c:395:13:MX_I2C1_Init	8	static
../Core/Src/main.c:429:13:MX_I2S3_Init	8	static
../Core/Src/main.c:463:13:MX_SPI1_Init	8	static
../Core/Src/main.c:501:13:MX_USART2_UART_Init	8	static
../Core/Src/main.c:534:13:MX_GPIO_Init	56	static
../Core/Src/main.c:652:6:Error_Handler	4	static,ignoring_inline_asm
