../Core/Src/main.c:100:7:Send_Command	16	static
../Core/Src/main.c:109:9:Write_One_Register	24	static
../Core/Src/main.c:122:10:Read_Register_Status	32	static
../Core/Src/main.c:143:9:Read_Analog_Channel	48	static
../Core/Src/main.c:151:17:SPI1_Read	32	static
../Core/Src/main.c:158:7:ECG_Setup	8	static
../Core/Src/main.c:263:5:main	72	static
../Core/Src/main.c:368:6:SystemClock_Config	88	static
../Core/Src/main.c:414:13:MX_I2C1_Init	8	static
../Core/Src/main.c:448:13:MX_I2S3_Init	8	static
../Core/Src/main.c:482:13:MX_SPI1_Init	8	static
../Core/Src/main.c:520:13:MX_TIM10_Init	8	static
../Core/Src/main.c:551:13:MX_USART2_UART_Init	8	static
../Core/Src/main.c:584:13:MX_GPIO_Init	56	static
../Core/Src/main.c:702:6:Error_Handler	4	static,ignoring_inline_asm
